pierwsza zmiana



Bartek@DESKTOP-I8JJBIJ MINGW64 ~/OneDrive/Desktop/WWW/strona 2 (main)
$ git status
On branch main
Your branch is up to date with 'origin/main'.

Changes to be committed:
  (use "git restore --staged <file>..." to unstage)
        modified:   nope.txt

Untracked files:
  (use "git add <file>..." to include in what will be committed)
        Grid/


Bartek@DESKTOP-I8JJBIJ MINGW64 ~/OneDrive/Desktop/WWW/strona 2 (main)
$ git commit -m "pierwsza zmiana"
[main 2ad5e60] pierwsza zmiana
 1 file changed, 3 insertions(+)

Bartek@DESKTOP-I8JJBIJ MINGW64 ~/OneDrive/Desktop/WWW/strona 2 (main)
$ git push origin
Enumerating objects: 5, done.
Counting objects: 100% (5/5), done.
Delta compression using up to 12 threads
Compressing objects: 100% (2/2), done.
Writing objects: 100% (3/3), 283 bytes | 283.00 KiB/s, done.
Total 3 (delta 1), reused 0 (delta 0), pack-reused 0
remote: Resolving deltas: 100% (1/1), completed with 1 local object.
To https://github.com/Bitek113/Grid.git
   8a7fc0b..2ad5e60  main -> main

Bartek@DESKTOP-I8JJBIJ MINGW64 ~/OneDrive/Desktop/WWW/strona 2 (main)
$ git init
Reinitialized existing Git repository in C:/Users/Bartek/OneDrive/Desktop/WWW/strona 2/.git/

Bartek@DESKTOP-I8JJBIJ MINGW64 ~/OneDrive/Desktop/WWW/strona 2 (main)
$ git status
On branch main
Your branch is up to date with 'origin/main'.

Untracked files:
  (use "git add <file>..." to include in what will be committed)
        Grid/

nothing added to commit but untracked files present (use "git add" to track)

Bartek@DESKTOP-I8JJBIJ MINGW64 ~/OneDrive/Desktop/WWW/strona 2 (main)
$ git checkout nope.txt
Updated 0 paths from the index

Bartek@DESKTOP-I8JJBIJ MINGW64 ~/OneDrive/Desktop/WWW/strona 2 (main)
$ git checkout -b essa
Switched to a new branch 'essa'

Bartek@DESKTOP-I8JJBIJ MINGW64 ~/OneDrive/Desktop/WWW/strona 2 (essa)
$ git checkout nope.txt
Updated 0 paths from the index

Bartek@DESKTOP-I8JJBIJ MINGW64 ~/OneDrive/Desktop/WWW/strona 2 (essa)
$ git status
On branch essa
Untracked files:
  (use "git add <file>..." to include in what will be committed)
        Grid/

nothing added to commit but untracked files present (use "git add" to track)

Bartek@DESKTOP-I8JJBIJ MINGW64 ~/OneDrive/Desktop/WWW/strona 2 (essa)
$ git init
Reinitialized existing Git repository in C:/Users/Bartek/OneDrive/Desktop/WWW/strona 2/.git/

Bartek@DESKTOP-I8JJBIJ MINGW64 ~/OneDrive/Desktop/WWW/strona 2 (essa)
$ git add nope.txt

Bartek@DESKTOP-I8JJBIJ MINGW64 ~/OneDrive/Desktop/WWW/strona 2 (essa)
$ git commit -m "trzecia zmiana i nowy branch"
[essa af81ad6] trzecia zmiana i nowy branch
 1 file changed, 3 insertions(+), 1 deletion(-)

Bartek@DESKTOP-I8JJBIJ MINGW64 ~/OneDrive/Desktop/WWW/strona 2 (essa)
$ git push origin
fatal: The current branch essa has no upstream branch.
To push the current branch and set the remote as upstream, use

    git push --set-upstream origin essa

To have this happen automatically for branches without a tracking
upstream, see 'push.autoSetupRemote' in 'git help config'.


Bartek@DESKTOP-I8JJBIJ MINGW64 ~/OneDrive/Desktop/WWW/strona 2 (essa)
$ git push origin  essa
Enumerating objects: 5, done.
Counting objects: 100% (5/5), done.
Delta compression using up to 12 threads
Compressing objects: 100% (2/2), done.
Writing objects: 100% (3/3), 298 bytes | 298.00 KiB/s, done.
Total 3 (delta 1), reused 0 (delta 0), pack-reused 0
remote: Resolving deltas: 100% (1/1), completed with 1 local object.
remote:
remote: Create a pull request for 'essa' on GitHub by visiting:
remote:      https://github.com/Bitek113/Grid/pull/new/essa
remote:
To https://github.com/Bitek113/Grid.git
 * [new branch]      essa -> essa

Bartek@DESKTOP-I8JJBIJ MINGW64 ~/OneDrive/Desktop/WWW/strona 2 (essa)
$ git checkout main
Switched to branch 'main'
Your branch is up to date with 'origin/main'.

Bartek@DESKTOP-I8JJBIJ MINGW64 ~/OneDrive/Desktop/WWW/strona 2 (main)
$
